<html>
<body>
<pre>
<h1>µVision Build Log</h1>
<h2>Project:</h2>
Z:\ViewProfile\Desktop\Versuch1\Versuch1.uvproj
Project File Date:  10/20/2017

<h2>Output:</h2>
Rebuild target 'Simulator'
compiling main.c...
compiling system_LPC11xx.c...
assembling startup_LPC11xx.s...
linking...
Program Size: Code=704 RO-data=208 RW-data=0 ZI-data=608  
".\Versuch1.axf" - 0 Error(s), 0 Warning(s).
Load "Z:\\ViewProfile\\Desktop\\Versuch1\\Versuch1.axf" 
Erase Done.
Programming Done.
Verify OK.
Application running ...
Load "Z:\\ViewProfile\\Desktop\\Versuch1\\Versuch1.axf" 
Erase Done.
Programming Done.
Verify OK.
Application running ...
