<html>
<body>
<pre>
<h1>µVision Build Log</h1>
<h2>Project:</h2>
Z:\ViewProfile\Desktop\Versuch4_Winter\Versuch4_Winter\Versuch4.uvproj
Project File Date:  12/01/2017

<h2>Output:</h2>
Rebuild target 'Simulator'
compiling main.c...
compiling system_LPC11xx.c...
assembling startup_LPC11xx.s...
compiling spi.c...
compiling picture.c...
linking...
Program Size: Code=1992 RO-data=3032 RW-data=4 ZI-data=612  
".\Versuch4.axf" - 0 Error(s), 0 Warning(s).
Load "Z:\\ViewProfile\\Desktop\\Versuch4_Winter\\Versuch4_Winter\\Versuch4.axf" 
Erase Done.
Programming Done.
Verify OK.
Application running ...
