<html>
<body>
<pre>
<h1>µVision Build Log</h1>
<h2>Project:</h2>
Z:\ViewProfile\Desktop\Versuch2\Versuch2.uvproj
Project File Date:  10/20/2017

<h2>Output:</h2>
Rebuild target 'Simulator'
compiling main.c...
compiling system_LPC11xx.c...
assembling startup_LPC11xx.s...
linking...
Program Size: Code=700 RO-data=224 RW-data=8 ZI-data=608  
".\Versuch2.axf" - 0 Error(s), 0 Warning(s).
Load "Z:\\ViewProfile\\Desktop\\Versuch2\\Versuch2.axf" 
Erase Done.
Programming Done.
Verify OK.
Application running ...

oad "Z:\\ViewProfile\\Desktop\\Versuch2\\Versuch2.axf" 
Erase Done.
Programming Done.
Verify OK.
Application running ...
